Hello from
 ____        _        
|  _ \ _   _| | _____ 
| | | | | | | |/ / _ \
| |_| | |_| |   <  __/
|____/ \__,_|_|\_\___|

______________________________________________________________________________________________
Hello! I'm Duke
What can I do for you?
______________________________________________________________________________________________
______________________________________________________________________________________________
Here are the tasks in your list:
1. [T][Y] read book
2. [E][Y] project meeting (at: Apr 13 2020 6PM)
3. [T][Y] join sports club
4. [T][N] borrow book
5. [D][N] return book (by: Jun 5 2020 2PM)
6. [E][N] project meeting (at: Aug 17 2020 10AM)
7. [D][N] do homework (by: Oct 29 2020 12PM)
______________________________________________________________________________________________
______________________________________________________________________________________________
Got it. I've added this task:
[T][N] read book
Now you have 8 tasks in the list.
______________________________________________________________________________________________
______________________________________________________________________________________________
Got it. I've added this task:
[D][N] return book  (by: Feb 21 2020 4PM)
Now you have 9 tasks in the list.
______________________________________________________________________________________________
______________________________________________________________________________________________
Got it. I've added this task:
[E][N] project meeting  (at: Apr 13 2020 6PM)
Now you have 10 tasks in the list.
______________________________________________________________________________________________
______________________________________________________________________________________________
Got it. I've added this task:
[T][N] join sports club
Now you have 11 tasks in the list.
______________________________________________________________________________________________
______________________________________________________________________________________________
Here are the tasks in your list:
1. [T][Y] read book
2. [E][Y] project meeting (at: Apr 13 2020 6PM)
3. [T][Y] join sports club
4. [T][N] borrow book
5. [D][N] return book (by: Jun 5 2020 2PM)
6. [E][N] project meeting (at: Aug 17 2020 10AM)
7. [D][N] do homework (by: Oct 29 2020 12PM)
8. [T][N] read book
9. [D][N] return book  (by: Feb 21 2020 4PM)
10. [E][N] project meeting  (at: Apr 13 2020 6PM)
11. [T][N] join sports club
______________________________________________________________________________________________
______________________________________________________________________________________________
Nice! I've marked this task as done: 
[T][Y] read book
______________________________________________________________________________________________
______________________________________________________________________________________________
Nice! I've marked this task as done: 
[T][Y] borrow book
______________________________________________________________________________________________
______________________________________________________________________________________________
Got it. I've added this task:
[T][N] borrow book
Now you have 12 tasks in the list.
______________________________________________________________________________________________
______________________________________________________________________________________________
Here are the tasks in your list:
1. [T][Y] read book
2. [E][Y] project meeting (at: Apr 13 2020 6PM)
3. [T][Y] join sports club
4. [T][Y] borrow book
5. [D][N] return book (by: Jun 5 2020 2PM)
6. [E][N] project meeting (at: Aug 17 2020 10AM)
7. [D][N] do homework (by: Oct 29 2020 12PM)
8. [T][N] read book
9. [D][N] return book  (by: Feb 21 2020 4PM)
10. [E][N] project meeting  (at: Apr 13 2020 6PM)
11. [T][N] join sports club
12. [T][N] borrow book
______________________________________________________________________________________________
______________________________________________________________________________________________
Got it. I've added this task:
[D][N] return book  (by: Jun 5 2020 2PM)
Now you have 13 tasks in the list.
______________________________________________________________________________________________
______________________________________________________________________________________________
Got it. I've added this task:
[E][N] project meeting  (at: Aug 17 2020 10AM)
Now you have 14 tasks in the list.
______________________________________________________________________________________________
______________________________________________________________________________________________
Got it. I've added this task:
[D][N] do homework  (by: Oct 29 2020 12PM)
Now you have 15 tasks in the list.
______________________________________________________________________________________________
______________________________________________________________________________________________
☹ OOPS!!! I'm sorry, but I don't know what that means :-(
______________________________________________________________________________________________
______________________________________________________________________________________________
☹ OOPS!!! The description of a todo cannot be empty.
______________________________________________________________________________________________
______________________________________________________________________________________________
☹ OOPS!!! The description of a deadline cannot be empty.
______________________________________________________________________________________________
______________________________________________________________________________________________
☹ OOPS!!! The description of a event cannot be empty.
______________________________________________________________________________________________
______________________________________________________________________________________________
☹ OOPS!!! The time of a deadline cannot be empty.
______________________________________________________________________________________________
______________________________________________________________________________________________
☹ OOPS!!! The time of a deadline cannot be empty.
______________________________________________________________________________________________
______________________________________________________________________________________________
☹ OOPS!!! The time of a deadline cannot be empty.
______________________________________________________________________________________________
______________________________________________________________________________________________
☹ OOPS!!! The time of a event cannot be empty.
______________________________________________________________________________________________
______________________________________________________________________________________________
☹ OOPS!!! The time of a event cannot be empty.
______________________________________________________________________________________________
______________________________________________________________________________________________
☹ OOPS!!! The time of a event cannot be empty.
______________________________________________________________________________________________
______________________________________________________________________________________________
☹ OOPS!!! The task to be marked as delete must be specified
______________________________________________________________________________________________
______________________________________________________________________________________________
☹ OOPS!!! Task 20 does not exist
______________________________________________________________________________________________
______________________________________________________________________________________________
Noted. I've removed this task:
[E][Y] project meeting (at: Apr 13 2020 6PM)
Now you have 14 tasks in the list.
______________________________________________________________________________________________
______________________________________________________________________________________________
☹ OOPS!!! The task to be marked as done must be specified
______________________________________________________________________________________________
______________________________________________________________________________________________
☹ OOPS!!! Task 20 does not exist
______________________________________________________________________________________________
______________________________________________________________________________________________
Nice! I've marked this task as done: 
[T][Y] join sports club
______________________________________________________________________________________________
______________________________________________________________________________________________
Bye. Hope to see you again soon!
______________________________________________________________________________________________
